Archive member included because of file (symbol)

/usr/lib/gcc/avr/4.5.3/../../../avr/lib/avr5/libm.a(addsf3.o)
                              mBoard.o (__subsf3)
/usr/lib/gcc/avr/4.5.3/../../../avr/lib/avr5/libm.a(addsf3x.o)
                              /usr/lib/gcc/avr/4.5.3/../../../avr/lib/avr5/libm.a(addsf3.o) (__addsf3x)
/usr/lib/gcc/avr/4.5.3/../../../avr/lib/avr5/libm.a(cmpsf2.o)
                              mBoard.o (__eqsf2)
/usr/lib/gcc/avr/4.5.3/../../../avr/lib/avr5/libm.a(divsf3.o)
                              mBoard.o (__divsf3)
/usr/lib/gcc/avr/4.5.3/../../../avr/lib/avr5/libm.a(divsf3x.o)
                              /usr/lib/gcc/avr/4.5.3/../../../avr/lib/avr5/libm.a(divsf3.o) (__divsf3x)
/usr/lib/gcc/avr/4.5.3/../../../avr/lib/avr5/libm.a(fixsfsi.o)
                              mBoard.o (__fixsfsi)
/usr/lib/gcc/avr/4.5.3/../../../avr/lib/avr5/libm.a(fixunssfsi.o)
                              /usr/lib/gcc/avr/4.5.3/../../../avr/lib/avr5/libm.a(fixsfsi.o) (__fixunssfsi)
/usr/lib/gcc/avr/4.5.3/../../../avr/lib/avr5/libm.a(floatsisf.o)
                              mBoard.o (__floatunsisf)
/usr/lib/gcc/avr/4.5.3/../../../avr/lib/avr5/libm.a(fp_cmp.o)
                              /usr/lib/gcc/avr/4.5.3/../../../avr/lib/avr5/libm.a(cmpsf2.o) (__fp_cmp)
/usr/lib/gcc/avr/4.5.3/../../../avr/lib/avr5/libm.a(fp_inf.o)
                              /usr/lib/gcc/avr/4.5.3/../../../avr/lib/avr5/libm.a(addsf3x.o) (__fp_inf)
/usr/lib/gcc/avr/4.5.3/../../../avr/lib/avr5/libm.a(fp_nan.o)
                              /usr/lib/gcc/avr/4.5.3/../../../avr/lib/avr5/libm.a(addsf3x.o) (__fp_nan)
/usr/lib/gcc/avr/4.5.3/../../../avr/lib/avr5/libm.a(fp_pscA.o)
                              /usr/lib/gcc/avr/4.5.3/../../../avr/lib/avr5/libm.a(addsf3x.o) (__fp_pscA)
/usr/lib/gcc/avr/4.5.3/../../../avr/lib/avr5/libm.a(fp_pscB.o)
                              /usr/lib/gcc/avr/4.5.3/../../../avr/lib/avr5/libm.a(addsf3x.o) (__fp_pscB)
/usr/lib/gcc/avr/4.5.3/../../../avr/lib/avr5/libm.a(fp_round.o)
                              /usr/lib/gcc/avr/4.5.3/../../../avr/lib/avr5/libm.a(addsf3.o) (__fp_round)
/usr/lib/gcc/avr/4.5.3/../../../avr/lib/avr5/libm.a(fp_split3.o)
                              /usr/lib/gcc/avr/4.5.3/../../../avr/lib/avr5/libm.a(addsf3x.o) (__fp_split3)
/usr/lib/gcc/avr/4.5.3/../../../avr/lib/avr5/libm.a(fp_zero.o)
                              /usr/lib/gcc/avr/4.5.3/../../../avr/lib/avr5/libm.a(addsf3x.o) (__fp_zero)
/usr/lib/gcc/avr/4.5.3/../../../avr/lib/avr5/libm.a(gesf2.o)
                              mBoard.o (__gtsf2)
/usr/lib/gcc/avr/4.5.3/../../../avr/lib/avr5/libm.a(mulsf3.o)
                              mBoard.o (__mulsf3)
/usr/lib/gcc/avr/4.5.3/../../../avr/lib/avr5/libm.a(mulsf3x.o)
                              /usr/lib/gcc/avr/4.5.3/../../../avr/lib/avr5/libm.a(mulsf3.o) (__mulsf3x)
/usr/lib/gcc/avr/4.5.3/avr5/libgcc.a(_exit.o)
                              /usr/lib/gcc/avr/4.5.3/../../../avr/lib/avr5/crtm644p.o (exit)
/usr/lib/gcc/avr/4.5.3/avr5/libgcc.a(_copy_data.o)
                              mBoard.o (__do_copy_data)
/usr/lib/gcc/avr/4.5.3/avr5/libgcc.a(_clear_bss.o)
                              mBoard.o (__do_clear_bss)
/usr/lib/gcc/avr/4.5.3/../../../avr/lib/avr5/libc.a(dtostrf.o)
                              mBoard.o (dtostrf)
/usr/lib/gcc/avr/4.5.3/../../../avr/lib/avr5/libc.a(itoa.o)
                              mBoard.o (itoa)
/usr/lib/gcc/avr/4.5.3/../../../avr/lib/avr5/libc.a(dtoa_prf.o)
                              /usr/lib/gcc/avr/4.5.3/../../../avr/lib/avr5/libc.a(dtostrf.o) (dtoa_prf)
/usr/lib/gcc/avr/4.5.3/../../../avr/lib/avr5/libc.a(ftoa_engine.o)
                              /usr/lib/gcc/avr/4.5.3/../../../avr/lib/avr5/libc.a(dtoa_prf.o) (__ftoa_engine)
/usr/lib/gcc/avr/4.5.3/../../../avr/lib/avr5/libc.a(strrev.o)
                              /usr/lib/gcc/avr/4.5.3/../../../avr/lib/avr5/libc.a(itoa.o) (strrev)
/usr/lib/gcc/avr/4.5.3/avr5/libgcc.a(_udivmodhi4.o)
                              /usr/lib/gcc/avr/4.5.3/../../../avr/lib/avr5/libc.a(itoa.o) (__udivmodhi4)
/usr/lib/gcc/avr/4.5.3/avr5/libgcc.a(_prologue.o)
                              /usr/lib/gcc/avr/4.5.3/../../../avr/lib/avr5/libc.a(dtoa_prf.o) (__prologue_saves__)
/usr/lib/gcc/avr/4.5.3/avr5/libgcc.a(_epilogue.o)
                              /usr/lib/gcc/avr/4.5.3/../../../avr/lib/avr5/libc.a(dtoa_prf.o) (__epilogue_restores__)

Allocating common symbols
Common symbol       size              file

reactionValues      0x20              mBoard.o
intervalValues      0x1c              mBoard.o
mea                 0x320             mBoard.o
reactionTriggerMode
                    0x8               mBoard.o
te                  0x21              mBoard.o
voltageValueBuffer  0x7               mBoard.o
portToRelais        0x8               mBoard.o
ledLastMeasure      0x4               mBoard.o
measuringVoltageFaktor
                    0x8               mBoard.o
measurement         0x4               mBoard.o

Memory Configuration

Name             Origin             Length             Attributes
text             0x00000000         0x00020000         xr
data             0x00800060         0x0000ffa0         rw !x
eeprom           0x00810000         0x00010000         rw !x
fuse             0x00820000         0x00000400         rw !x
lock             0x00830000         0x00000400         rw !x
signature        0x00840000         0x00000400         rw !x
*default*        0x00000000         0xffffffff

Linker script and memory map

Address of section .data set to 0x800100
LOAD /usr/lib/gcc/avr/4.5.3/../../../avr/lib/avr5/crtm644p.o
LOAD mBoard.o
LOAD uart.o
LOAD mcp2515.o
LOAD /usr/lib/gcc/avr/4.5.3/../../../avr/lib/avr5/libm.a
LOAD /usr/lib/gcc/avr/4.5.3/avr5/libgcc.a
LOAD /usr/lib/gcc/avr/4.5.3/../../../avr/lib/avr5/libc.a
LOAD /usr/lib/gcc/avr/4.5.3/avr5/libgcc.a

.hash
 *(.hash)

.dynsym
 *(.dynsym)

.dynstr
 *(.dynstr)

.gnu.version
 *(.gnu.version)

.gnu.version_d
 *(.gnu.version_d)

.gnu.version_r
 *(.gnu.version_r)

.rel.init
 *(.rel.init)

.rela.init
 *(.rela.init)

.rel.text
 *(.rel.text)
 *(.rel.text.*)
 *(.rel.gnu.linkonce.t*)

.rela.text
 *(.rela.text)
 *(.rela.text.*)
 *(.rela.gnu.linkonce.t*)

.rel.fini
 *(.rel.fini)

.rela.fini
 *(.rela.fini)

.rel.rodata
 *(.rel.rodata)
 *(.rel.rodata.*)
 *(.rel.gnu.linkonce.r*)

.rela.rodata
 *(.rela.rodata)
 *(.rela.rodata.*)
 *(.rela.gnu.linkonce.r*)

.rel.data
 *(.rel.data)
 *(.rel.data.*)
 *(.rel.gnu.linkonce.d*)

.rela.data
 *(.rela.data)
 *(.rela.data.*)
 *(.rela.gnu.linkonce.d*)

.rel.ctors
 *(.rel.ctors)

.rela.ctors
 *(.rela.ctors)

.rel.dtors
 *(.rel.dtors)

.rela.dtors
 *(.rela.dtors)

.rel.got
 *(.rel.got)

.rela.got
 *(.rela.got)

.rel.bss
 *(.rel.bss)

.rela.bss
 *(.rela.bss)

.rel.plt
 *(.rel.plt)

.rela.plt
 *(.rela.plt)

.text           0x00000000     0x2524
 *(.vectors)
 .vectors       0x00000000       0x7c /usr/lib/gcc/avr/4.5.3/../../../avr/lib/avr5/crtm644p.o
                0x00000000                __vectors
                0x00000000                __vector_default
 *(.vectors)
 *(.progmem.gcc*)
 *(.progmem*)
 .progmem.data  0x0000007c       0xfa /usr/lib/gcc/avr/4.5.3/../../../avr/lib/avr5/libc.a(ftoa_engine.o)
                0x00000176                . = ALIGN (0x2)
                0x00000176                __trampolines_start = .
 *(.trampolines)
 .trampolines   0x00000176        0x0 linker stubs
 *(.trampolines*)
                0x00000176                __trampolines_end = .
 *(.jumptables)
 *(.jumptables*)
 *(.lowtext)
 *(.lowtext*)
                0x00000176                __ctors_start = .
 *(.ctors)
                0x00000176                __ctors_end = .
                0x00000176                __dtors_start = .
 *(.dtors)
                0x00000176                __dtors_end = .
 SORT(*)(.ctors)
 SORT(*)(.dtors)
 *(.init0)
 .init0         0x00000176        0x0 /usr/lib/gcc/avr/4.5.3/../../../avr/lib/avr5/crtm644p.o
                0x00000176                __init
 *(.init0)
 *(.init1)
 *(.init1)
 *(.init2)
 .init2         0x00000176        0xc /usr/lib/gcc/avr/4.5.3/../../../avr/lib/avr5/crtm644p.o
 *(.init2)
 *(.init3)
 *(.init3)
 *(.init4)
 .init4         0x00000182       0x16 /usr/lib/gcc/avr/4.5.3/avr5/libgcc.a(_copy_data.o)
                0x00000182                __do_copy_data
 .init4         0x00000198       0x10 /usr/lib/gcc/avr/4.5.3/avr5/libgcc.a(_clear_bss.o)
                0x00000198                __do_clear_bss
 *(.init4)
 *(.init5)
 *(.init5)
 *(.init6)
 *(.init6)
 *(.init7)
 *(.init7)
 *(.init8)
 *(.init8)
 *(.init9)
 .init9         0x000001a8        0x8 /usr/lib/gcc/avr/4.5.3/../../../avr/lib/avr5/crtm644p.o
 *(.init9)
 *(.text)
 .text          0x000001b0        0x4 /usr/lib/gcc/avr/4.5.3/../../../avr/lib/avr5/crtm644p.o
                0x000001b0                __vector_22
                0x000001b0                __vector_28
                0x000001b0                __vector_1
                0x000001b0                __vector_24
                0x000001b0                __vector_12
                0x000001b0                __bad_interrupt
                0x000001b0                __vector_6
                0x000001b0                __vector_3
                0x000001b0                __vector_23
                0x000001b0                __vector_30
                0x000001b0                __vector_25
                0x000001b0                __vector_11
                0x000001b0                __vector_13
                0x000001b0                __vector_17
                0x000001b0                __vector_19
                0x000001b0                __vector_7
                0x000001b0                __vector_27
                0x000001b0                __vector_5
                0x000001b0                __vector_4
                0x000001b0                __vector_9
                0x000001b0                __vector_2
                0x000001b0                __vector_15
                0x000001b0                __vector_29
                0x000001b0                __vector_8
                0x000001b0                __vector_26
                0x000001b0                __vector_14
                0x000001b0                __vector_10
                0x000001b0                __vector_16
                0x000001b0                __vector_18
 .text          0x000001b4     0x1258 mBoard.o
                0x000001b4                sleep
                0x000001d6                initPorts
                0x000001ec                initVoltageMultiplikator
                0x0000033c                getTemp
                0x00000368                getLightIntensity
                0x000003cc                getNoise
                0x000003f6                getDistance
                0x0000041c                startMeasure
                0x00000462                measureAndScale
                0x000004de                getUnit
                0x00000538                sendReactCAN
                0x0000053a                reactOnMeasure
                0x00000896                sendMeasureUART
                0x00000994                generateCANMsg
                0x00000ae6                readUARTConfig
                0x00000cce                readUARTConfModes
                0x00000d6e                printVreal
                0x00000e40                printVmeasure
                0x00000efa                reactOnUARTCommand
                0x00000fb8                reactOnCANCommand
                0x000010c6                can_init
                0x000010de                startTimerLed
                0x000010e6                checkLedTime
                0x000010ea                main
 .text          0x0000140c      0x182 uart.o
                0x0000140c                __vector_20
                0x00001462                __vector_21
                0x000014b6                uart_init
                0x000014ea                uart_getc
                0x00001520                uart_putc
                0x0000154a                uart_puts
                0x00001572                uart_puts_p
 .text          0x0000158e      0x5c2 mcp2515.o
                0x0000158e                spi_putc
                0x0000159a                spi_init
                0x000015b4                mcp2515_bit_modify
                0x000015f2                print_can_message
                0x00001688                mcp2515_write_register
                0x000016ba                mcp2515_read_register
                0x000016d8                mcp2515_init
                0x0000175c                mcp2515_read_rx_status
                0x0000177c                can_get_message
                0x00001846                mcp2515_read_status
                0x00001856                can_send_message
                0x000018d0                testCan
                0x00001992                mcp2515_get_extmessage
                0x00001a7a                mcp2515_send_extmessage
 .text          0x00001b50        0x0 /usr/lib/gcc/avr/4.5.3/../../../avr/lib/avr5/libm.a(addsf3.o)
 .text          0x00001b50        0x0 /usr/lib/gcc/avr/4.5.3/../../../avr/lib/avr5/libm.a(addsf3x.o)
 .text          0x00001b50        0x0 /usr/lib/gcc/avr/4.5.3/../../../avr/lib/avr5/libm.a(cmpsf2.o)
 .text          0x00001b50        0x0 /usr/lib/gcc/avr/4.5.3/../../../avr/lib/avr5/libm.a(divsf3.o)
 .text          0x00001b50        0x0 /usr/lib/gcc/avr/4.5.3/../../../avr/lib/avr5/libm.a(divsf3x.o)
 .text          0x00001b50        0x0 /usr/lib/gcc/avr/4.5.3/../../../avr/lib/avr5/libm.a(fixsfsi.o)
 .text          0x00001b50        0x0 /usr/lib/gcc/avr/4.5.3/../../../avr/lib/avr5/libm.a(fixunssfsi.o)
 .text          0x00001b50        0x0 /usr/lib/gcc/avr/4.5.3/../../../avr/lib/avr5/libm.a(floatsisf.o)
 .text          0x00001b50        0x0 /usr/lib/gcc/avr/4.5.3/../../../avr/lib/avr5/libm.a(fp_cmp.o)
 .text          0x00001b50        0x0 /usr/lib/gcc/avr/4.5.3/../../../avr/lib/avr5/libm.a(fp_inf.o)
 .text          0x00001b50        0x0 /usr/lib/gcc/avr/4.5.3/../../../avr/lib/avr5/libm.a(fp_nan.o)
 .text          0x00001b50        0x0 /usr/lib/gcc/avr/4.5.3/../../../avr/lib/avr5/libm.a(fp_pscA.o)
 .text          0x00001b50        0x0 /usr/lib/gcc/avr/4.5.3/../../../avr/lib/avr5/libm.a(fp_pscB.o)
 .text          0x00001b50        0x0 /usr/lib/gcc/avr/4.5.3/../../../avr/lib/avr5/libm.a(fp_round.o)
 .text          0x00001b50        0x0 /usr/lib/gcc/avr/4.5.3/../../../avr/lib/avr5/libm.a(fp_split3.o)
 .text          0x00001b50        0x0 /usr/lib/gcc/avr/4.5.3/../../../avr/lib/avr5/libm.a(fp_zero.o)
 .text          0x00001b50        0x0 /usr/lib/gcc/avr/4.5.3/../../../avr/lib/avr5/libm.a(gesf2.o)
 .text          0x00001b50        0x0 /usr/lib/gcc/avr/4.5.3/../../../avr/lib/avr5/libm.a(mulsf3.o)
 .text          0x00001b50        0x0 /usr/lib/gcc/avr/4.5.3/../../../avr/lib/avr5/libm.a(mulsf3x.o)
 .text          0x00001b50        0x0 /usr/lib/gcc/avr/4.5.3/avr5/libgcc.a(_exit.o)
 .text          0x00001b50        0x0 /usr/lib/gcc/avr/4.5.3/avr5/libgcc.a(_copy_data.o)
 .text          0x00001b50        0x0 /usr/lib/gcc/avr/4.5.3/avr5/libgcc.a(_clear_bss.o)
 .text          0x00001b50        0x0 /usr/lib/gcc/avr/4.5.3/../../../avr/lib/avr5/libc.a(dtostrf.o)
 .text          0x00001b50        0x0 /usr/lib/gcc/avr/4.5.3/../../../avr/lib/avr5/libc.a(itoa.o)
 .text          0x00001b50        0x0 /usr/lib/gcc/avr/4.5.3/../../../avr/lib/avr5/libc.a(dtoa_prf.o)
 .text          0x00001b50        0x0 /usr/lib/gcc/avr/4.5.3/../../../avr/lib/avr5/libc.a(ftoa_engine.o)
 .text          0x00001b50        0x0 /usr/lib/gcc/avr/4.5.3/../../../avr/lib/avr5/libc.a(strrev.o)
 .text          0x00001b50        0x0 /usr/lib/gcc/avr/4.5.3/avr5/libgcc.a(_udivmodhi4.o)
 .text          0x00001b50        0x0 /usr/lib/gcc/avr/4.5.3/avr5/libgcc.a(_prologue.o)
 .text          0x00001b50        0x0 /usr/lib/gcc/avr/4.5.3/avr5/libgcc.a(_epilogue.o)
                0x00001b50                . = ALIGN (0x2)
 *(.text.*)
 .text.avr-libc.fplib
                0x00001b50        0xa /usr/lib/gcc/avr/4.5.3/../../../avr/lib/avr5/libm.a(addsf3.o)
                0x00001b50                __subsf3
                0x00001b52                __addsf3
 .text.avr-libc.fplib
                0x00001b5a       0xc0 /usr/lib/gcc/avr/4.5.3/../../../avr/lib/avr5/libm.a(addsf3x.o)
                0x00001b74                __addsf3x
 .text.avr-libc.fplib
                0x00001c1a        0x8 /usr/lib/gcc/avr/4.5.3/../../../avr/lib/avr5/libm.a(cmpsf2.o)
                0x00001c1a                __lesf2
                0x00001c1a                __nesf2
                0x00001c1a                __eqsf2
                0x00001c1a                __cmpsf2
                0x00001c1a                __ltsf2
 .text.avr-libc.fplib
                0x00001c22        0x4 /usr/lib/gcc/avr/4.5.3/../../../avr/lib/avr5/libm.a(divsf3.o)
                0x00001c22                __divsf3
 .text.avr-libc.fplib
                0x00001c26       0xcc /usr/lib/gcc/avr/4.5.3/../../../avr/lib/avr5/libm.a(divsf3x.o)
                0x00001c3c                __divsf3x
                0x00001c40                __divsf3_pse
 .text.avr-libc.fplib
                0x00001cf2        0xa /usr/lib/gcc/avr/4.5.3/../../../avr/lib/avr5/libm.a(fixsfsi.o)
                0x00001cf2                __fixsfsi
 .text.avr-libc.fplib
                0x00001cfc       0x58 /usr/lib/gcc/avr/4.5.3/../../../avr/lib/avr5/libm.a(fixunssfsi.o)
                0x00001cfc                __fixunssfsi
 .text.avr-libc.fplib
                0x00001d54       0x7a /usr/lib/gcc/avr/4.5.3/../../../avr/lib/avr5/libm.a(floatsisf.o)
                0x00001d54                __floatunsisf
                0x00001d58                __floatsisf
 .text.avr-libc.fplib
                0x00001dce       0x48 /usr/lib/gcc/avr/4.5.3/../../../avr/lib/avr5/libm.a(fp_cmp.o)
                0x00001dce                __fp_cmp
 .text.avr-libc.fplib
                0x00001e16        0xc /usr/lib/gcc/avr/4.5.3/../../../avr/lib/avr5/libm.a(fp_inf.o)
                0x00001e16                __fp_inf
 .text.avr-libc.fplib
                0x00001e22        0x6 /usr/lib/gcc/avr/4.5.3/../../../avr/lib/avr5/libm.a(fp_nan.o)
                0x00001e22                __fp_nan
 .text.avr-libc.fplib
                0x00001e28        0xe /usr/lib/gcc/avr/4.5.3/../../../avr/lib/avr5/libm.a(fp_pscA.o)
                0x00001e28                __fp_pscA
 .text.avr-libc.fplib
                0x00001e36        0xe /usr/lib/gcc/avr/4.5.3/../../../avr/lib/avr5/libm.a(fp_pscB.o)
                0x00001e36                __fp_pscB
 .text.avr-libc.fplib
                0x00001e44       0x22 /usr/lib/gcc/avr/4.5.3/../../../avr/lib/avr5/libm.a(fp_round.o)
                0x00001e44                __fp_round
 .text.avr-libc.fplib
                0x00001e66       0x44 /usr/lib/gcc/avr/4.5.3/../../../avr/lib/avr5/libm.a(fp_split3.o)
                0x00001e66                __fp_split3
                0x00001e76                __fp_splitA
 .text.avr-libc.fplib
                0x00001eaa        0xe /usr/lib/gcc/avr/4.5.3/../../../avr/lib/avr5/libm.a(fp_zero.o)
                0x00001eaa                __fp_zero
                0x00001eac                __fp_szero
 .text.avr-libc.fplib
                0x00001eb8        0x8 /usr/lib/gcc/avr/4.5.3/../../../avr/lib/avr5/libm.a(gesf2.o)
                0x00001eb8                __gtsf2
                0x00001eb8                __gesf2
 .text.avr-libc.fplib
                0x00001ec0        0x4 /usr/lib/gcc/avr/4.5.3/../../../avr/lib/avr5/libm.a(mulsf3.o)
                0x00001ec0                __mulsf3
 .text.avr-libc.fplib
                0x00001ec4       0xc2 /usr/lib/gcc/avr/4.5.3/../../../avr/lib/avr5/libm.a(mulsf3x.o)
                0x00001ed8                __mulsf3x
                0x00001edc                __mulsf3_pse
 .text.libgcc   0x00001f86        0x0 /usr/lib/gcc/avr/4.5.3/avr5/libgcc.a(_exit.o)
 .text.libgcc   0x00001f86        0x0 /usr/lib/gcc/avr/4.5.3/avr5/libgcc.a(_copy_data.o)
 .text.libgcc   0x00001f86        0x0 /usr/lib/gcc/avr/4.5.3/avr5/libgcc.a(_clear_bss.o)
 .text.avr-libc
                0x00001f86       0x44 /usr/lib/gcc/avr/4.5.3/../../../avr/lib/avr5/libc.a(dtostrf.o)
                0x00001f86                dtostrf
 .text.avr-libc
                0x00001fca       0x42 /usr/lib/gcc/avr/4.5.3/../../../avr/lib/avr5/libc.a(itoa.o)
                0x00001fca                itoa
 .text.avr-libc
                0x0000200c      0x2ae /usr/lib/gcc/avr/4.5.3/../../../avr/lib/avr5/libc.a(dtoa_prf.o)
                0x0000200c                dtoa_prf
 .text.avr-libc
                0x000022ba      0x1b0 /usr/lib/gcc/avr/4.5.3/../../../avr/lib/avr5/libc.a(ftoa_engine.o)
                0x000022ba                __ftoa_engine
 .text.avr-libc
                0x0000246a       0x20 /usr/lib/gcc/avr/4.5.3/../../../avr/lib/avr5/libc.a(strrev.o)
                0x0000246a                strrev
 .text.libgcc   0x0000248a       0x28 /usr/lib/gcc/avr/4.5.3/avr5/libgcc.a(_udivmodhi4.o)
                0x0000248a                __udivmodhi4
 .text.libgcc   0x000024b2       0x38 /usr/lib/gcc/avr/4.5.3/avr5/libgcc.a(_prologue.o)
                0x000024b2                __prologue_saves__
 .text.libgcc   0x000024ea       0x36 /usr/lib/gcc/avr/4.5.3/avr5/libgcc.a(_epilogue.o)
                0x000024ea                __epilogue_restores__
                0x00002520                . = ALIGN (0x2)
 *(.fini9)
 .fini9         0x00002520        0x0 /usr/lib/gcc/avr/4.5.3/avr5/libgcc.a(_exit.o)
                0x00002520                exit
                0x00002520                _exit
 *(.fini9)
 *(.fini8)
 *(.fini8)
 *(.fini7)
 *(.fini7)
 *(.fini6)
 *(.fini6)
 *(.fini5)
 *(.fini5)
 *(.fini4)
 *(.fini4)
 *(.fini3)
 *(.fini3)
 *(.fini2)
 *(.fini2)
 *(.fini1)
 *(.fini1)
 *(.fini0)
 .fini0         0x00002520        0x4 /usr/lib/gcc/avr/4.5.3/avr5/libgcc.a(_exit.o)
 *(.fini0)
                0x00002524                _etext = .

.data           0x00800100      0x2d0 load address 0x00002524
                0x00800100                PROVIDE (__data_start, .)
 *(.data)
 .data          0x00800100        0x0 /usr/lib/gcc/avr/4.5.3/../../../avr/lib/avr5/crtm644p.o
 .data          0x00800100      0x1db mBoard.o
                0x008002c8                ledTick
                0x008002c9                serialCommunikation
                0x008002ca                canCommunikation
                0x008002cb                portModeMeasure
                0x008002d3                distanceScale
                0x008002d7                heartBeat
 .data          0x008002db        0x0 uart.o
 .data          0x008002db       0xf4 mcp2515.o
 .data          0x008003cf        0x0 /usr/lib/gcc/avr/4.5.3/../../../avr/lib/avr5/libm.a(addsf3.o)
 .data          0x008003cf        0x0 /usr/lib/gcc/avr/4.5.3/../../../avr/lib/avr5/libm.a(addsf3x.o)
 .data          0x008003cf        0x0 /usr/lib/gcc/avr/4.5.3/../../../avr/lib/avr5/libm.a(cmpsf2.o)
 .data          0x008003cf        0x0 /usr/lib/gcc/avr/4.5.3/../../../avr/lib/avr5/libm.a(divsf3.o)
 .data          0x008003cf        0x0 /usr/lib/gcc/avr/4.5.3/../../../avr/lib/avr5/libm.a(divsf3x.o)
 .data          0x008003cf        0x0 /usr/lib/gcc/avr/4.5.3/../../../avr/lib/avr5/libm.a(fixsfsi.o)
 .data          0x008003cf        0x0 /usr/lib/gcc/avr/4.5.3/../../../avr/lib/avr5/libm.a(fixunssfsi.o)
 .data          0x008003cf        0x0 /usr/lib/gcc/avr/4.5.3/../../../avr/lib/avr5/libm.a(floatsisf.o)
 .data          0x008003cf        0x0 /usr/lib/gcc/avr/4.5.3/../../../avr/lib/avr5/libm.a(fp_cmp.o)
 .data          0x008003cf        0x0 /usr/lib/gcc/avr/4.5.3/../../../avr/lib/avr5/libm.a(fp_inf.o)
 .data          0x008003cf        0x0 /usr/lib/gcc/avr/4.5.3/../../../avr/lib/avr5/libm.a(fp_nan.o)
 .data          0x008003cf        0x0 /usr/lib/gcc/avr/4.5.3/../../../avr/lib/avr5/libm.a(fp_pscA.o)
 .data          0x008003cf        0x0 /usr/lib/gcc/avr/4.5.3/../../../avr/lib/avr5/libm.a(fp_pscB.o)
 .data          0x008003cf        0x0 /usr/lib/gcc/avr/4.5.3/../../../avr/lib/avr5/libm.a(fp_round.o)
 .data          0x008003cf        0x0 /usr/lib/gcc/avr/4.5.3/../../../avr/lib/avr5/libm.a(fp_split3.o)
 .data          0x008003cf        0x0 /usr/lib/gcc/avr/4.5.3/../../../avr/lib/avr5/libm.a(fp_zero.o)
 .data          0x008003cf        0x0 /usr/lib/gcc/avr/4.5.3/../../../avr/lib/avr5/libm.a(gesf2.o)
 .data          0x008003cf        0x0 /usr/lib/gcc/avr/4.5.3/../../../avr/lib/avr5/libm.a(mulsf3.o)
 .data          0x008003cf        0x0 /usr/lib/gcc/avr/4.5.3/../../../avr/lib/avr5/libm.a(mulsf3x.o)
 .data          0x008003cf        0x0 /usr/lib/gcc/avr/4.5.3/avr5/libgcc.a(_exit.o)
 .data          0x008003cf        0x0 /usr/lib/gcc/avr/4.5.3/avr5/libgcc.a(_copy_data.o)
 .data          0x008003cf        0x0 /usr/lib/gcc/avr/4.5.3/avr5/libgcc.a(_clear_bss.o)
 .data          0x008003cf        0x0 /usr/lib/gcc/avr/4.5.3/../../../avr/lib/avr5/libc.a(dtostrf.o)
 .data          0x008003cf        0x0 /usr/lib/gcc/avr/4.5.3/../../../avr/lib/avr5/libc.a(itoa.o)
 .data          0x008003cf        0x0 /usr/lib/gcc/avr/4.5.3/../../../avr/lib/avr5/libc.a(dtoa_prf.o)
 .data          0x008003cf        0x0 /usr/lib/gcc/avr/4.5.3/../../../avr/lib/avr5/libc.a(ftoa_engine.o)
 .data          0x008003cf        0x0 /usr/lib/gcc/avr/4.5.3/../../../avr/lib/avr5/libc.a(strrev.o)
 .data          0x008003cf        0x0 /usr/lib/gcc/avr/4.5.3/avr5/libgcc.a(_udivmodhi4.o)
 .data          0x008003cf        0x0 /usr/lib/gcc/avr/4.5.3/avr5/libgcc.a(_prologue.o)
 .data          0x008003cf        0x0 /usr/lib/gcc/avr/4.5.3/avr5/libgcc.a(_epilogue.o)
 *(.data*)
 *(.rodata)
 *(.rodata*)
 *(.gnu.linkonce.d*)
                0x008003d0                . = ALIGN (0x2)
 *fill*         0x008003cf        0x1 00
                0x008003d0                _edata = .
                0x008003d0                PROVIDE (__data_end, .)

.bss            0x008003d0      0x3e2
                0x008003d0                PROVIDE (__bss_start, .)
 *(.bss)
 .bss           0x008003d0        0x0 /usr/lib/gcc/avr/4.5.3/../../../avr/lib/avr5/crtm644p.o
 .bss           0x008003d0        0x9 mBoard.o
                0x008003d0                ethCommunikation
                0x008003d1                loopCounter
 .bss           0x008003d9       0x35 uart.o
 .bss           0x0080040e        0x0 mcp2515.o
 .bss           0x0080040e        0x0 /usr/lib/gcc/avr/4.5.3/../../../avr/lib/avr5/libm.a(addsf3.o)
 .bss           0x0080040e        0x0 /usr/lib/gcc/avr/4.5.3/../../../avr/lib/avr5/libm.a(addsf3x.o)
 .bss           0x0080040e        0x0 /usr/lib/gcc/avr/4.5.3/../../../avr/lib/avr5/libm.a(cmpsf2.o)
 .bss           0x0080040e        0x0 /usr/lib/gcc/avr/4.5.3/../../../avr/lib/avr5/libm.a(divsf3.o)
 .bss           0x0080040e        0x0 /usr/lib/gcc/avr/4.5.3/../../../avr/lib/avr5/libm.a(divsf3x.o)
 .bss           0x0080040e        0x0 /usr/lib/gcc/avr/4.5.3/../../../avr/lib/avr5/libm.a(fixsfsi.o)
 .bss           0x0080040e        0x0 /usr/lib/gcc/avr/4.5.3/../../../avr/lib/avr5/libm.a(fixunssfsi.o)
 .bss           0x0080040e        0x0 /usr/lib/gcc/avr/4.5.3/../../../avr/lib/avr5/libm.a(floatsisf.o)
 .bss           0x0080040e        0x0 /usr/lib/gcc/avr/4.5.3/../../../avr/lib/avr5/libm.a(fp_cmp.o)
 .bss           0x0080040e        0x0 /usr/lib/gcc/avr/4.5.3/../../../avr/lib/avr5/libm.a(fp_inf.o)
 .bss           0x0080040e        0x0 /usr/lib/gcc/avr/4.5.3/../../../avr/lib/avr5/libm.a(fp_nan.o)
 .bss           0x0080040e        0x0 /usr/lib/gcc/avr/4.5.3/../../../avr/lib/avr5/libm.a(fp_pscA.o)
 .bss           0x0080040e        0x0 /usr/lib/gcc/avr/4.5.3/../../../avr/lib/avr5/libm.a(fp_pscB.o)
 .bss           0x0080040e        0x0 /usr/lib/gcc/avr/4.5.3/../../../avr/lib/avr5/libm.a(fp_round.o)
 .bss           0x0080040e        0x0 /usr/lib/gcc/avr/4.5.3/../../../avr/lib/avr5/libm.a(fp_split3.o)
 .bss           0x0080040e        0x0 /usr/lib/gcc/avr/4.5.3/../../../avr/lib/avr5/libm.a(fp_zero.o)
 .bss           0x0080040e        0x0 /usr/lib/gcc/avr/4.5.3/../../../avr/lib/avr5/libm.a(gesf2.o)
 .bss           0x0080040e        0x0 /usr/lib/gcc/avr/4.5.3/../../../avr/lib/avr5/libm.a(mulsf3.o)
 .bss           0x0080040e        0x0 /usr/lib/gcc/avr/4.5.3/../../../avr/lib/avr5/libm.a(mulsf3x.o)
 .bss           0x0080040e        0x0 /usr/lib/gcc/avr/4.5.3/avr5/libgcc.a(_exit.o)
 .bss           0x0080040e        0x0 /usr/lib/gcc/avr/4.5.3/avr5/libgcc.a(_copy_data.o)
 .bss           0x0080040e        0x0 /usr/lib/gcc/avr/4.5.3/avr5/libgcc.a(_clear_bss.o)
 .bss           0x0080040e        0x0 /usr/lib/gcc/avr/4.5.3/../../../avr/lib/avr5/libc.a(dtostrf.o)
 .bss           0x0080040e        0x0 /usr/lib/gcc/avr/4.5.3/../../../avr/lib/avr5/libc.a(itoa.o)
 .bss           0x0080040e        0x0 /usr/lib/gcc/avr/4.5.3/../../../avr/lib/avr5/libc.a(dtoa_prf.o)
 .bss           0x0080040e        0x0 /usr/lib/gcc/avr/4.5.3/../../../avr/lib/avr5/libc.a(ftoa_engine.o)
 .bss           0x0080040e        0x0 /usr/lib/gcc/avr/4.5.3/../../../avr/lib/avr5/libc.a(strrev.o)
 .bss           0x0080040e        0x0 /usr/lib/gcc/avr/4.5.3/avr5/libgcc.a(_udivmodhi4.o)
 .bss           0x0080040e        0x0 /usr/lib/gcc/avr/4.5.3/avr5/libgcc.a(_prologue.o)
 .bss           0x0080040e        0x0 /usr/lib/gcc/avr/4.5.3/avr5/libgcc.a(_epilogue.o)
 *(.bss*)
 *(COMMON)
 COMMON         0x0080040e      0x3a4 mBoard.o
                0x0080040e                reactionValues
                0x0080042e                intervalValues
                0x0080044a                mea
                0x0080076a                reactionTriggerMode
                0x00800772                te
                0x00800793                voltageValueBuffer
                0x0080079a                portToRelais
                0x008007a2                ledLastMeasure
                0x008007a6                measuringVoltageFaktor
                0x008007ae                measurement
                0x008007b2                PROVIDE (__bss_end, .)
                0x00002524                __data_load_start = LOADADDR (.data)
                0x000027f4                __data_load_end = (__data_load_start + SIZEOF (.data))

.noinit         0x008007b2        0x0
                0x008007b2                PROVIDE (__noinit_start, .)
 *(.noinit*)
                0x008007b2                PROVIDE (__noinit_end, .)
                0x008007b2                _end = .
                0x008007b2                PROVIDE (__heap_start, .)

.eeprom         0x00810000        0x0
 *(.eeprom*)
                0x00810000                __eeprom_end = .

.fuse
 *(.fuse)
 *(.lfuse)
 *(.hfuse)
 *(.efuse)

.lock
 *(.lock*)

.signature
 *(.signature*)

.stab           0x00000000     0x3c90
 *(.stab)
 .stab          0x00000000      0x6cc /usr/lib/gcc/avr/4.5.3/../../../avr/lib/avr5/crtm644p.o
 .stab          0x000006cc       0x78 /usr/lib/gcc/avr/4.5.3/../../../avr/lib/avr5/libm.a(addsf3.o)
                                 0x84 (size before relaxing)
 .stab          0x00000744      0x4bc /usr/lib/gcc/avr/4.5.3/../../../avr/lib/avr5/libm.a(addsf3x.o)
                                0x4c8 (size before relaxing)
 .stab          0x00000c00       0x90 /usr/lib/gcc/avr/4.5.3/../../../avr/lib/avr5/libm.a(cmpsf2.o)
                                 0x9c (size before relaxing)
 .stab          0x00000c90       0x48 /usr/lib/gcc/avr/4.5.3/../../../avr/lib/avr5/libm.a(divsf3.o)
                                 0x54 (size before relaxing)
 .stab          0x00000cd8      0x510 /usr/lib/gcc/avr/4.5.3/../../../avr/lib/avr5/libm.a(divsf3x.o)
                                0x51c (size before relaxing)
 .stab          0x000011e8       0x6c /usr/lib/gcc/avr/4.5.3/../../../avr/lib/avr5/libm.a(fixsfsi.o)
                                 0x78 (size before relaxing)
 .stab          0x00001254      0x240 /usr/lib/gcc/avr/4.5.3/../../../avr/lib/avr5/libm.a(fixunssfsi.o)
                                0x24c (size before relaxing)
 .stab          0x00001494      0x318 /usr/lib/gcc/avr/4.5.3/../../../avr/lib/avr5/libm.a(floatsisf.o)
                                0x324 (size before relaxing)
 .stab          0x000017ac      0x1e0 /usr/lib/gcc/avr/4.5.3/../../../avr/lib/avr5/libm.a(fp_cmp.o)
                                0x1ec (size before relaxing)
 .stab          0x0000198c       0x78 /usr/lib/gcc/avr/4.5.3/../../../avr/lib/avr5/libm.a(fp_inf.o)
                                 0x84 (size before relaxing)
 .stab          0x00001a04       0x54 /usr/lib/gcc/avr/4.5.3/../../../avr/lib/avr5/libm.a(fp_nan.o)
                                 0x60 (size before relaxing)
 .stab          0x00001a58       0x84 /usr/lib/gcc/avr/4.5.3/../../../avr/lib/avr5/libm.a(fp_pscA.o)
                                 0x90 (size before relaxing)
 .stab          0x00001adc       0x84 /usr/lib/gcc/avr/4.5.3/../../../avr/lib/avr5/libm.a(fp_pscB.o)
                                 0x90 (size before relaxing)
 .stab          0x00001b60       0xfc /usr/lib/gcc/avr/4.5.3/../../../avr/lib/avr5/libm.a(fp_round.o)
                                0x108 (size before relaxing)
 .stab          0x00001c5c      0x1d4 /usr/lib/gcc/avr/4.5.3/../../../avr/lib/avr5/libm.a(fp_split3.o)
                                0x1e0 (size before relaxing)
 .stab          0x00001e30       0x90 /usr/lib/gcc/avr/4.5.3/../../../avr/lib/avr5/libm.a(fp_zero.o)
                                 0x9c (size before relaxing)
 .stab          0x00001ec0       0x6c /usr/lib/gcc/avr/4.5.3/../../../avr/lib/avr5/libm.a(gesf2.o)
                                 0x78 (size before relaxing)
 .stab          0x00001f2c       0x48 /usr/lib/gcc/avr/4.5.3/../../../avr/lib/avr5/libm.a(mulsf3.o)
                                 0x54 (size before relaxing)
 .stab          0x00001f74      0x4d4 /usr/lib/gcc/avr/4.5.3/../../../avr/lib/avr5/libm.a(mulsf3x.o)
                                0x4e0 (size before relaxing)
 .stab          0x00002448      0x3fc /usr/lib/gcc/avr/4.5.3/../../../avr/lib/avr5/libc.a(dtostrf.o)
                                0x408 (size before relaxing)
 .stab          0x00002844      0x1b0 /usr/lib/gcc/avr/4.5.3/../../../avr/lib/avr5/libc.a(itoa.o)
                                0x1bc (size before relaxing)
 .stab          0x000029f4      0x78c /usr/lib/gcc/avr/4.5.3/../../../avr/lib/avr5/libc.a(dtoa_prf.o)
                                0x960 (size before relaxing)
 .stab          0x00003180      0xa38 /usr/lib/gcc/avr/4.5.3/../../../avr/lib/avr5/libc.a(ftoa_engine.o)
                                0xa44 (size before relaxing)
 .stab          0x00003bb8       0xd8 /usr/lib/gcc/avr/4.5.3/../../../avr/lib/avr5/libc.a(strrev.o)
                                 0xe4 (size before relaxing)

.stabstr        0x00000000      0xd94
 *(.stabstr)
 .stabstr       0x00000000      0xd94 /usr/lib/gcc/avr/4.5.3/../../../avr/lib/avr5/crtm644p.o

.stab.excl
 *(.stab.excl)

.stab.exclstr
 *(.stab.exclstr)

.stab.index
 *(.stab.index)

.stab.indexstr
 *(.stab.indexstr)

.comment
 *(.comment)

.debug
 *(.debug)

.line
 *(.line)

.debug_srcinfo
 *(.debug_srcinfo)

.debug_sfnames
 *(.debug_sfnames)

.debug_aranges
 *(.debug_aranges)

.debug_pubnames
 *(.debug_pubnames)

.debug_info
 *(.debug_info)
 *(.gnu.linkonce.wi.*)

.debug_abbrev
 *(.debug_abbrev)

.debug_line
 *(.debug_line)

.debug_frame
 *(.debug_frame)

.debug_str
 *(.debug_str)

.debug_loc
 *(.debug_loc)

.debug_macinfo
 *(.debug_macinfo)
OUTPUT(mBoard.elf elf32-avr)
LOAD linker stubs

Cross Reference Table

Symbol                                            File
__addsf3                                          /usr/lib/gcc/avr/4.5.3/../../../avr/lib/avr5/libm.a(addsf3.o)
                                                  mBoard.o
__addsf3x                                         /usr/lib/gcc/avr/4.5.3/../../../avr/lib/avr5/libm.a(addsf3x.o)
                                                  /usr/lib/gcc/avr/4.5.3/../../../avr/lib/avr5/libm.a(addsf3.o)
__bad_interrupt                                   /usr/lib/gcc/avr/4.5.3/../../../avr/lib/avr5/crtm644p.o
__bss_end                                         /usr/lib/gcc/avr/4.5.3/avr5/libgcc.a(_clear_bss.o)
__bss_start                                       /usr/lib/gcc/avr/4.5.3/avr5/libgcc.a(_clear_bss.o)
__cmpsf2                                          /usr/lib/gcc/avr/4.5.3/../../../avr/lib/avr5/libm.a(cmpsf2.o)
__data_end                                        /usr/lib/gcc/avr/4.5.3/avr5/libgcc.a(_copy_data.o)
__data_load_start                                 /usr/lib/gcc/avr/4.5.3/avr5/libgcc.a(_copy_data.o)
__data_start                                      /usr/lib/gcc/avr/4.5.3/avr5/libgcc.a(_copy_data.o)
__divsf3                                          /usr/lib/gcc/avr/4.5.3/../../../avr/lib/avr5/libm.a(divsf3.o)
                                                  mBoard.o
__divsf3_pse                                      /usr/lib/gcc/avr/4.5.3/../../../avr/lib/avr5/libm.a(divsf3x.o)
__divsf3x                                         /usr/lib/gcc/avr/4.5.3/../../../avr/lib/avr5/libm.a(divsf3x.o)
                                                  /usr/lib/gcc/avr/4.5.3/../../../avr/lib/avr5/libm.a(divsf3.o)
__do_clear_bss                                    /usr/lib/gcc/avr/4.5.3/avr5/libgcc.a(_clear_bss.o)
                                                  uart.o
                                                  mBoard.o
__do_copy_data                                    /usr/lib/gcc/avr/4.5.3/avr5/libgcc.a(_copy_data.o)
                                                  mcp2515.o
                                                  mBoard.o
__epilogue_restores__                             /usr/lib/gcc/avr/4.5.3/avr5/libgcc.a(_epilogue.o)
                                                  /usr/lib/gcc/avr/4.5.3/../../../avr/lib/avr5/libc.a(dtoa_prf.o)
__eqsf2                                           /usr/lib/gcc/avr/4.5.3/../../../avr/lib/avr5/libm.a(cmpsf2.o)
                                                  mBoard.o
__fixsfsi                                         /usr/lib/gcc/avr/4.5.3/../../../avr/lib/avr5/libm.a(fixsfsi.o)
                                                  mBoard.o
__fixunssfsi                                      /usr/lib/gcc/avr/4.5.3/../../../avr/lib/avr5/libm.a(fixunssfsi.o)
                                                  /usr/lib/gcc/avr/4.5.3/../../../avr/lib/avr5/libm.a(fixsfsi.o)
__floatsisf                                       /usr/lib/gcc/avr/4.5.3/../../../avr/lib/avr5/libm.a(floatsisf.o)
                                                  mBoard.o
__floatunsisf                                     /usr/lib/gcc/avr/4.5.3/../../../avr/lib/avr5/libm.a(floatsisf.o)
                                                  mBoard.o
__fp_cmp                                          /usr/lib/gcc/avr/4.5.3/../../../avr/lib/avr5/libm.a(fp_cmp.o)
                                                  /usr/lib/gcc/avr/4.5.3/../../../avr/lib/avr5/libm.a(gesf2.o)
                                                  /usr/lib/gcc/avr/4.5.3/../../../avr/lib/avr5/libm.a(cmpsf2.o)
__fp_inf                                          /usr/lib/gcc/avr/4.5.3/../../../avr/lib/avr5/libm.a(fp_inf.o)
                                                  /usr/lib/gcc/avr/4.5.3/../../../avr/lib/avr5/libm.a(mulsf3x.o)
                                                  /usr/lib/gcc/avr/4.5.3/../../../avr/lib/avr5/libm.a(divsf3x.o)
                                                  /usr/lib/gcc/avr/4.5.3/../../../avr/lib/avr5/libm.a(addsf3x.o)
__fp_nan                                          /usr/lib/gcc/avr/4.5.3/../../../avr/lib/avr5/libm.a(fp_nan.o)
                                                  /usr/lib/gcc/avr/4.5.3/../../../avr/lib/avr5/libm.a(mulsf3x.o)
                                                  /usr/lib/gcc/avr/4.5.3/../../../avr/lib/avr5/libm.a(divsf3x.o)
                                                  /usr/lib/gcc/avr/4.5.3/../../../avr/lib/avr5/libm.a(addsf3x.o)
__fp_pscA                                         /usr/lib/gcc/avr/4.5.3/../../../avr/lib/avr5/libm.a(fp_pscA.o)
                                                  /usr/lib/gcc/avr/4.5.3/../../../avr/lib/avr5/libm.a(mulsf3x.o)
                                                  /usr/lib/gcc/avr/4.5.3/../../../avr/lib/avr5/libm.a(divsf3x.o)
                                                  /usr/lib/gcc/avr/4.5.3/../../../avr/lib/avr5/libm.a(addsf3x.o)
__fp_pscB                                         /usr/lib/gcc/avr/4.5.3/../../../avr/lib/avr5/libm.a(fp_pscB.o)
                                                  /usr/lib/gcc/avr/4.5.3/../../../avr/lib/avr5/libm.a(mulsf3x.o)
                                                  /usr/lib/gcc/avr/4.5.3/../../../avr/lib/avr5/libm.a(divsf3x.o)
                                                  /usr/lib/gcc/avr/4.5.3/../../../avr/lib/avr5/libm.a(addsf3x.o)
__fp_round                                        /usr/lib/gcc/avr/4.5.3/../../../avr/lib/avr5/libm.a(fp_round.o)
                                                  /usr/lib/gcc/avr/4.5.3/../../../avr/lib/avr5/libm.a(mulsf3.o)
                                                  /usr/lib/gcc/avr/4.5.3/../../../avr/lib/avr5/libm.a(divsf3.o)
                                                  /usr/lib/gcc/avr/4.5.3/../../../avr/lib/avr5/libm.a(addsf3.o)
__fp_split3                                       /usr/lib/gcc/avr/4.5.3/../../../avr/lib/avr5/libm.a(fp_split3.o)
                                                  /usr/lib/gcc/avr/4.5.3/../../../avr/lib/avr5/libm.a(mulsf3x.o)
                                                  /usr/lib/gcc/avr/4.5.3/../../../avr/lib/avr5/libm.a(divsf3x.o)
                                                  /usr/lib/gcc/avr/4.5.3/../../../avr/lib/avr5/libm.a(addsf3x.o)
__fp_splitA                                       /usr/lib/gcc/avr/4.5.3/../../../avr/lib/avr5/libm.a(fp_split3.o)
                                                  /usr/lib/gcc/avr/4.5.3/../../../avr/lib/avr5/libm.a(fixunssfsi.o)
__fp_szero                                        /usr/lib/gcc/avr/4.5.3/../../../avr/lib/avr5/libm.a(fp_zero.o)
                                                  /usr/lib/gcc/avr/4.5.3/../../../avr/lib/avr5/libm.a(mulsf3x.o)
                                                  /usr/lib/gcc/avr/4.5.3/../../../avr/lib/avr5/libm.a(fixsfsi.o)
                                                  /usr/lib/gcc/avr/4.5.3/../../../avr/lib/avr5/libm.a(divsf3x.o)
__fp_zero                                         /usr/lib/gcc/avr/4.5.3/../../../avr/lib/avr5/libm.a(fp_zero.o)
                                                  /usr/lib/gcc/avr/4.5.3/../../../avr/lib/avr5/libm.a(fixunssfsi.o)
                                                  /usr/lib/gcc/avr/4.5.3/../../../avr/lib/avr5/libm.a(addsf3x.o)
__ftoa_engine                                     /usr/lib/gcc/avr/4.5.3/../../../avr/lib/avr5/libc.a(ftoa_engine.o)
                                                  /usr/lib/gcc/avr/4.5.3/../../../avr/lib/avr5/libc.a(dtoa_prf.o)
__gesf2                                           /usr/lib/gcc/avr/4.5.3/../../../avr/lib/avr5/libm.a(gesf2.o)
__gtsf2                                           /usr/lib/gcc/avr/4.5.3/../../../avr/lib/avr5/libm.a(gesf2.o)
                                                  mBoard.o
__heap_end                                        /usr/lib/gcc/avr/4.5.3/../../../avr/lib/avr5/crtm644p.o
__init                                            /usr/lib/gcc/avr/4.5.3/../../../avr/lib/avr5/crtm644p.o
__lesf2                                           /usr/lib/gcc/avr/4.5.3/../../../avr/lib/avr5/libm.a(cmpsf2.o)
__ltsf2                                           /usr/lib/gcc/avr/4.5.3/../../../avr/lib/avr5/libm.a(cmpsf2.o)
                                                  mBoard.o
__mulsf3                                          /usr/lib/gcc/avr/4.5.3/../../../avr/lib/avr5/libm.a(mulsf3.o)
                                                  mBoard.o
__mulsf3_pse                                      /usr/lib/gcc/avr/4.5.3/../../../avr/lib/avr5/libm.a(mulsf3x.o)
__mulsf3x                                         /usr/lib/gcc/avr/4.5.3/../../../avr/lib/avr5/libm.a(mulsf3x.o)
                                                  /usr/lib/gcc/avr/4.5.3/../../../avr/lib/avr5/libm.a(mulsf3.o)
__nesf2                                           /usr/lib/gcc/avr/4.5.3/../../../avr/lib/avr5/libm.a(cmpsf2.o)
__prologue_saves__                                /usr/lib/gcc/avr/4.5.3/avr5/libgcc.a(_prologue.o)
                                                  /usr/lib/gcc/avr/4.5.3/../../../avr/lib/avr5/libc.a(dtoa_prf.o)
__stack                                           /usr/lib/gcc/avr/4.5.3/../../../avr/lib/avr5/crtm644p.o
__subsf3                                          /usr/lib/gcc/avr/4.5.3/../../../avr/lib/avr5/libm.a(addsf3.o)
                                                  mBoard.o
__udivmodhi4                                      /usr/lib/gcc/avr/4.5.3/avr5/libgcc.a(_udivmodhi4.o)
                                                  /usr/lib/gcc/avr/4.5.3/../../../avr/lib/avr5/libc.a(itoa.o)
__vector_1                                        /usr/lib/gcc/avr/4.5.3/../../../avr/lib/avr5/crtm644p.o
__vector_10                                       /usr/lib/gcc/avr/4.5.3/../../../avr/lib/avr5/crtm644p.o
__vector_11                                       /usr/lib/gcc/avr/4.5.3/../../../avr/lib/avr5/crtm644p.o
__vector_12                                       /usr/lib/gcc/avr/4.5.3/../../../avr/lib/avr5/crtm644p.o
__vector_13                                       /usr/lib/gcc/avr/4.5.3/../../../avr/lib/avr5/crtm644p.o
__vector_14                                       /usr/lib/gcc/avr/4.5.3/../../../avr/lib/avr5/crtm644p.o
__vector_15                                       /usr/lib/gcc/avr/4.5.3/../../../avr/lib/avr5/crtm644p.o
__vector_16                                       /usr/lib/gcc/avr/4.5.3/../../../avr/lib/avr5/crtm644p.o
__vector_17                                       /usr/lib/gcc/avr/4.5.3/../../../avr/lib/avr5/crtm644p.o
__vector_18                                       /usr/lib/gcc/avr/4.5.3/../../../avr/lib/avr5/crtm644p.o
__vector_19                                       /usr/lib/gcc/avr/4.5.3/../../../avr/lib/avr5/crtm644p.o
__vector_2                                        /usr/lib/gcc/avr/4.5.3/../../../avr/lib/avr5/crtm644p.o
__vector_20                                       uart.o
                                                  /usr/lib/gcc/avr/4.5.3/../../../avr/lib/avr5/crtm644p.o
__vector_21                                       uart.o
                                                  /usr/lib/gcc/avr/4.5.3/../../../avr/lib/avr5/crtm644p.o
__vector_22                                       /usr/lib/gcc/avr/4.5.3/../../../avr/lib/avr5/crtm644p.o
__vector_23                                       /usr/lib/gcc/avr/4.5.3/../../../avr/lib/avr5/crtm644p.o
__vector_24                                       /usr/lib/gcc/avr/4.5.3/../../../avr/lib/avr5/crtm644p.o
__vector_25                                       /usr/lib/gcc/avr/4.5.3/../../../avr/lib/avr5/crtm644p.o
__vector_26                                       /usr/lib/gcc/avr/4.5.3/../../../avr/lib/avr5/crtm644p.o
__vector_27                                       /usr/lib/gcc/avr/4.5.3/../../../avr/lib/avr5/crtm644p.o
__vector_28                                       /usr/lib/gcc/avr/4.5.3/../../../avr/lib/avr5/crtm644p.o
__vector_29                                       /usr/lib/gcc/avr/4.5.3/../../../avr/lib/avr5/crtm644p.o
__vector_3                                        /usr/lib/gcc/avr/4.5.3/../../../avr/lib/avr5/crtm644p.o
__vector_30                                       /usr/lib/gcc/avr/4.5.3/../../../avr/lib/avr5/crtm644p.o
__vector_4                                        /usr/lib/gcc/avr/4.5.3/../../../avr/lib/avr5/crtm644p.o
__vector_5                                        /usr/lib/gcc/avr/4.5.3/../../../avr/lib/avr5/crtm644p.o
__vector_6                                        /usr/lib/gcc/avr/4.5.3/../../../avr/lib/avr5/crtm644p.o
__vector_7                                        /usr/lib/gcc/avr/4.5.3/../../../avr/lib/avr5/crtm644p.o
__vector_8                                        /usr/lib/gcc/avr/4.5.3/../../../avr/lib/avr5/crtm644p.o
__vector_9                                        /usr/lib/gcc/avr/4.5.3/../../../avr/lib/avr5/crtm644p.o
__vector_default                                  /usr/lib/gcc/avr/4.5.3/../../../avr/lib/avr5/crtm644p.o
__vectors                                         /usr/lib/gcc/avr/4.5.3/../../../avr/lib/avr5/crtm644p.o
_exit                                             /usr/lib/gcc/avr/4.5.3/avr5/libgcc.a(_exit.o)
canCommunikation                                  mBoard.o
can_get_message                                   mcp2515.o
can_init                                          mBoard.o
can_send_message                                  mcp2515.o
checkLedTime                                      mBoard.o
distanceScale                                     mBoard.o
dtoa_prf                                          /usr/lib/gcc/avr/4.5.3/../../../avr/lib/avr5/libc.a(dtoa_prf.o)
                                                  /usr/lib/gcc/avr/4.5.3/../../../avr/lib/avr5/libc.a(dtostrf.o)
dtostrf                                           /usr/lib/gcc/avr/4.5.3/../../../avr/lib/avr5/libc.a(dtostrf.o)
                                                  mBoard.o
ethCommunikation                                  mBoard.o
exit                                              /usr/lib/gcc/avr/4.5.3/avr5/libgcc.a(_exit.o)
                                                  /usr/lib/gcc/avr/4.5.3/../../../avr/lib/avr5/crtm644p.o
generateCANMsg                                    mBoard.o
getDistance                                       mBoard.o
getLightIntensity                                 mBoard.o
getNoise                                          mBoard.o
getTemp                                           mBoard.o
getUnit                                           mBoard.o
heartBeat                                         mBoard.o
initPorts                                         mBoard.o
initVoltageMultiplikator                          mBoard.o
intervalValues                                    mBoard.o
itoa                                              /usr/lib/gcc/avr/4.5.3/../../../avr/lib/avr5/libc.a(itoa.o)
                                                  mBoard.o
ledLastMeasure                                    mBoard.o
ledTick                                           mBoard.o
loopCounter                                       mBoard.o
main                                              mBoard.o
                                                  /usr/lib/gcc/avr/4.5.3/../../../avr/lib/avr5/crtm644p.o
mcp2515_bit_modify                                mcp2515.o
mcp2515_get_extmessage                            mcp2515.o
                                                  mBoard.o
mcp2515_init                                      mcp2515.o
                                                  mBoard.o
mcp2515_read_register                             mcp2515.o
mcp2515_read_rx_status                            mcp2515.o
mcp2515_read_status                               mcp2515.o
mcp2515_send_extmessage                           mcp2515.o
                                                  mBoard.o
mcp2515_write_register                            mcp2515.o
mea                                               mBoard.o
measureAndScale                                   mBoard.o
measurement                                       mBoard.o
measuringVoltageFaktor                            mBoard.o
portModeMeasure                                   mBoard.o
portToRelais                                      mBoard.o
printVmeasure                                     mBoard.o
printVreal                                        mBoard.o
print_can_message                                 mcp2515.o
reactOnCANCommand                                 mBoard.o
reactOnMeasure                                    mBoard.o
reactOnUARTCommand                                mBoard.o
reactionTriggerMode                               mBoard.o
reactionValues                                    mBoard.o
readUARTConfModes                                 mBoard.o
readUARTConfig                                    mBoard.o
sendMeasureUART                                   mBoard.o
sendReactCAN                                      mBoard.o
serialCommunikation                               mBoard.o
sleep                                             mBoard.o
spi_init                                          mcp2515.o
spi_putc                                          mcp2515.o
startMeasure                                      mBoard.o
startTimerLed                                     mBoard.o
strrev                                            /usr/lib/gcc/avr/4.5.3/../../../avr/lib/avr5/libc.a(strrev.o)
                                                  /usr/lib/gcc/avr/4.5.3/../../../avr/lib/avr5/libc.a(itoa.o)
te                                                mBoard.o
testCan                                           mcp2515.o
uart_getc                                         uart.o
                                                  mBoard.o
uart_init                                         uart.o
                                                  mBoard.o
uart_putc                                         uart.o
                                                  mcp2515.o
                                                  mBoard.o
uart_puts                                         uart.o
                                                  mcp2515.o
                                                  mBoard.o
uart_puts_p                                       uart.o
voltageValueBuffer                                mBoard.o
